Archive member included to satisfy reference by file (symbol)

C:/ST/STM32CubeIDE_2.0.0/STM32CubeIDE/plugins/com.st.stm32cube.ide.mcu.externaltools.gnu-tools-for-stm32.13.3.rel1.win32_1.0.100.202509120712/tools/bin/../lib/gcc/arm-none-eabi/13.3.1/../../../../arm-none-eabi/lib/thumb/v6-m/nofp\libc_nano.a(libc_a-exit.o)
                              C:/ST/STM32CubeIDE_2.0.0/STM32CubeIDE/plugins/com.st.stm32cube.ide.mcu.externaltools.gnu-tools-for-stm32.13.3.rel1.win32_1.0.100.202509120712/tools/bin/../lib/gcc/arm-none-eabi/13.3.1/../../../../arm-none-eabi/lib/thumb/v6-m/nofp/crt0.o (exit)
C:/ST/STM32CubeIDE_2.0.0/STM32CubeIDE/plugins/com.st.stm32cube.ide.mcu.externaltools.gnu-tools-for-stm32.13.3.rel1.win32_1.0.100.202509120712/tools/bin/../lib/gcc/arm-none-eabi/13.3.1/../../../../arm-none-eabi/lib/thumb/v6-m/nofp\libc_nano.a(libc_a-findfp.o)
                              C:/ST/STM32CubeIDE_2.0.0/STM32CubeIDE/plugins/com.st.stm32cube.ide.mcu.externaltools.gnu-tools-for-stm32.13.3.rel1.win32_1.0.100.202509120712/tools/bin/../lib/gcc/arm-none-eabi/13.3.1/../../../../arm-none-eabi/lib/thumb/v6-m/nofp\libc_nano.a(libc_a-exit.o) (__stdio_exit_handler)
C:/ST/STM32CubeIDE_2.0.0/STM32CubeIDE/plugins/com.st.stm32cube.ide.mcu.externaltools.gnu-tools-for-stm32.13.3.rel1.win32_1.0.100.202509120712/tools/bin/../lib/gcc/arm-none-eabi/13.3.1/../../../../arm-none-eabi/lib/thumb/v6-m/nofp\libc_nano.a(libc_a-fwalk.o)
                              C:/ST/STM32CubeIDE_2.0.0/STM32CubeIDE/plugins/com.st.stm32cube.ide.mcu.externaltools.gnu-tools-for-stm32.13.3.rel1.win32_1.0.100.202509120712/tools/bin/../lib/gcc/arm-none-eabi/13.3.1/../../../../arm-none-eabi/lib/thumb/v6-m/nofp\libc_nano.a(libc_a-findfp.o) (_fwalk_sglue)
C:/ST/STM32CubeIDE_2.0.0/STM32CubeIDE/plugins/com.st.stm32cube.ide.mcu.externaltools.gnu-tools-for-stm32.13.3.rel1.win32_1.0.100.202509120712/tools/bin/../lib/gcc/arm-none-eabi/13.3.1/../../../../arm-none-eabi/lib/thumb/v6-m/nofp\libc_nano.a(libc_a-sprintf.o)
                              ./Core/Src/main.o (sprintf)
C:/ST/STM32CubeIDE_2.0.0/STM32CubeIDE/plugins/com.st.stm32cube.ide.mcu.externaltools.gnu-tools-for-stm32.13.3.rel1.win32_1.0.100.202509120712/tools/bin/../lib/gcc/arm-none-eabi/13.3.1/../../../../arm-none-eabi/lib/thumb/v6-m/nofp\libc_nano.a(libc_a-stdio.o)
                              C:/ST/STM32CubeIDE_2.0.0/STM32CubeIDE/plugins/com.st.stm32cube.ide.mcu.externaltools.gnu-tools-for-stm32.13.3.rel1.win32_1.0.100.202509120712/tools/bin/../lib/gcc/arm-none-eabi/13.3.1/../../../../arm-none-eabi/lib/thumb/v6-m/nofp\libc_nano.a(libc_a-findfp.o) (__sread)
C:/ST/STM32CubeIDE_2.0.0/STM32CubeIDE/plugins/com.st.stm32cube.ide.mcu.externaltools.gnu-tools-for-stm32.13.3.rel1.win32_1.0.100.202509120712/tools/bin/../lib/gcc/arm-none-eabi/13.3.1/../../../../arm-none-eabi/lib/thumb/v6-m/nofp\libc_nano.a(libc_a-memset.o)
                              C:/ST/STM32CubeIDE_2.0.0/STM32CubeIDE/plugins/com.st.stm32cube.ide.mcu.externaltools.gnu-tools-for-stm32.13.3.rel1.win32_1.0.100.202509120712/tools/bin/../lib/gcc/arm-none-eabi/13.3.1/../../../../arm-none-eabi/lib/thumb/v6-m/nofp/crt0.o (memset)
C:/ST/STM32CubeIDE_2.0.0/STM32CubeIDE/plugins/com.st.stm32cube.ide.mcu.externaltools.gnu-tools-for-stm32.13.3.rel1.win32_1.0.100.202509120712/tools/bin/../lib/gcc/arm-none-eabi/13.3.1/../../../../arm-none-eabi/lib/thumb/v6-m/nofp\libc_nano.a(libc_a-closer.o)
                              C:/ST/STM32CubeIDE_2.0.0/STM32CubeIDE/plugins/com.st.stm32cube.ide.mcu.externaltools.gnu-tools-for-stm32.13.3.rel1.win32_1.0.100.202509120712/tools/bin/../lib/gcc/arm-none-eabi/13.3.1/../../../../arm-none-eabi/lib/thumb/v6-m/nofp\libc_nano.a(libc_a-stdio.o) (_close_r)
C:/ST/STM32CubeIDE_2.0.0/STM32CubeIDE/plugins/com.st.stm32cube.ide.mcu.externaltools.gnu-tools-for-stm32.13.3.rel1.win32_1.0.100.202509120712/tools/bin/../lib/gcc/arm-none-eabi/13.3.1/../../../../arm-none-eabi/lib/thumb/v6-m/nofp\libc_nano.a(libc_a-reent.o)
                              C:/ST/STM32CubeIDE_2.0.0/STM32CubeIDE/plugins/com.st.stm32cube.ide.mcu.externaltools.gnu-tools-for-stm32.13.3.rel1.win32_1.0.100.202509120712/tools/bin/../lib/gcc/arm-none-eabi/13.3.1/../../../../arm-none-eabi/lib/thumb/v6-m/nofp\libc_nano.a(libc_a-closer.o) (errno)
C:/ST/STM32CubeIDE_2.0.0/STM32CubeIDE/plugins/com.st.stm32cube.ide.mcu.externaltools.gnu-tools-for-stm32.13.3.rel1.win32_1.0.100.202509120712/tools/bin/../lib/gcc/arm-none-eabi/13.3.1/../../../../arm-none-eabi/lib/thumb/v6-m/nofp\libc_nano.a(libc_a-impure.o)
                              C:/ST/STM32CubeIDE_2.0.0/STM32CubeIDE/plugins/com.st.stm32cube.ide.mcu.externaltools.gnu-tools-for-stm32.13.3.rel1.win32_1.0.100.202509120712/tools/bin/../lib/gcc/arm-none-eabi/13.3.1/../../../../arm-none-eabi/lib/thumb/v6-m/nofp\libc_nano.a(libc_a-sprintf.o) (_impure_ptr)
[...]
Memory Configuration

Name             Origin             Length             Attributes
RAM              0x20000000         0x00003000         xrw
FLASH            0x08000000         0x00008000         xr
*default*        0x00000000         0xffffffff

Linker script and memory map

LOAD C:/ST/STM32CubeIDE_2.0.0/STM32CubeIDE/plugins/com.st.stm32cube.ide.mcu.externaltools.gnu-tools-for-stm32.13.3.rel1.win32_1.0.100.202509120712/tools/bin/../lib/gcc/arm-none-eabi/13.3.1/thumb/v6-m/nofp/crti.o
LOAD C:/ST/STM32CubeIDE_2.0.0/STM32CubeIDE/plugins/com.st.stm32cube.ide.mcu.externaltools.gnu-tools-for-stm32.13.3.rel1.win32_1.0.100.202509120712/tools/bin/../lib/gcc/arm-none-eabi/13.3.1/thumb/v6-m/nofp/crtbegin.o
LOAD C:/ST/STM32CubeIDE_2.0.0/STM32CubeIDE/plugins/com.st.stm32cube.ide.mcu.externaltools.gnu-tools-for-stm32.13.3.rel1.win32_1.0.100.202509120712/tools/bin/../lib/gcc/arm-none-eabi/13.3.1/../../../../arm-none-eabi/lib/thumb/v6-m/nofp/crt0.o
LOAD ./Core/Src/main.o
LOAD ./Core/Src/stm32c0xx_hal_msp.o
LOAD ./Core/Src/stm32c0xx_it.o
LOAD ./Core/Src/syscalls.o
LOAD ./Core/Src/sysmem.o
LOAD ./Core/Src/system_stm32c0xx.o
LOAD ./Core/Startup/startup_stm32c031c6tx.o
LOAD ./Drivers/STM32C0xx_HAL_Driver/Src/stm32c0xx_hal.o
LOAD ./Drivers/STM32C0xx_HAL_Driver/Src/stm32c0xx_hal_cortex.o
LOAD ./Drivers/STM32C0xx_HAL_Driver/Src/stm32c0xx_hal_dma.o
LOAD ./Drivers/STM32C0xx_HAL_Driver/Src/stm32c0xx_hal_dma_ex.o
LOAD ./Drivers/STM32C0xx_HAL_Driver/Src/stm32c0xx_hal_exti.o
LOAD ./Drivers/STM32C0xx_HAL_Driver/Src/stm32c0xx_hal_flash.o
LOAD ./Drivers/STM32C0xx_HAL_Driver/Src/stm32c0xx_hal_flash_ex.o
LOAD ./Drivers/STM32C0xx_HAL_Driver/Src/stm32c0xx_hal_gpio.o
LOAD ./Drivers/STM32C0xx_HAL_Driver/Src/stm32c0xx_hal_pwr.o
LOAD ./Drivers/STM32C0xx_HAL_Driver/Src/stm32c0xx_hal_pwr_ex.o
LOAD ./Drivers/STM32C0xx_HAL_Driver/Src/stm32c0xx_hal_rcc.o
LOAD ./Drivers/STM32C0xx_HAL_Driver/Src/stm32c0xx_hal_rcc_ex.o
LOAD ./Drivers/STM32C0xx_HAL_Driver/Src/stm32c0xx_hal_uart.o
LOAD ./Drivers/STM32C0xx_HAL_Driver/Src/stm32c0xx_hal_uart_ex.o
LOAD ./Drivers/STM32C0xx_HAL_Driver/Src/stm32c0xx_ll_exti.o
LOAD ./Drivers/STM32C0xx_HAL_Driver/Src/stm32c0xx_ll_gpio.o
LOAD ./Drivers/STM32C0xx_HAL_Driver/Src/stm32c0xx_ll_rcc.o
LOAD ./Drivers/STM32C0xx_HAL_Driver/Src/stm32c0xx_ll_utils.o
START GROUP
LOAD C:/ST/STM32CubeIDE_2.0.0/STM32CubeIDE/plugins/com.st.stm32cube.ide.mcu.externaltools.gnu-tools-for-stm32.13.3.rel1.win32_1.0.100.202509120712/tools/bin/../lib/gcc/arm-none-eabi/13.3.1/../../../../arm-none-eabi/lib/thumb/v6-m/nofp\libc_nano.a
LOAD C:/ST/STM32CubeIDE_2.0.0/STM32CubeIDE/plugins/com.st.stm32cube.ide.mcu.externaltools.gnu-tools-for-stm32.13.3.rel1.win32_1.0.100.202509120712/tools/bin/../lib/gcc/arm-none-eabi/13.3.1/../../../../arm-none-eabi/lib/thumb/v6-m/nofp\libm.a
END GROUP
START GROUP
LOAD C:/ST/STM32CubeIDE_2.0.0/STM32CubeIDE/plugins/com.st.stm32cube.ide.mcu.externaltools.gnu-tools-for-stm32.13.3.rel1.win32_1.0.100.202509120712/tools/bin/../lib/gcc/arm-none-eabi/13.3.1/thumb/v6-m/nofp\libgcc.a
LOAD C:/ST/STM32CubeIDE_2.0.0/STM32CubeIDE/plugins/com.st.stm32cube.ide.mcu.externaltools.gnu-tools-for-stm32.13.3.rel1.win32_1.0.100.202509120712/tools/bin/../lib/gcc/arm-none-eabi/13.3.1/../../../../arm-none-eabi/lib/thumb/v6-m/nofp\libc_nano.a
END GROUP
START GROUP
LOAD C:/ST/STM32CubeIDE_2.0.0/STM32CubeIDE/plugins/com.st.stm32cube.ide.mcu.externaltools.gnu-tools-for-stm32.13.3.rel1.win32_1.0.100.202509120712/tools/bin/../lib/gcc/arm-none-eabi/13.3.1/thumb/v6-m/nofp\libgcc.a
LOAD C:/ST/STM32CubeIDE_2.0.0/STM32CubeIDE/plugins/com.st.stm32cube.ide.mcu.externaltools.gnu-tools-for-stm32.13.3.rel1.win32_1.0.100.202509120712/tools/bin/../lib/gcc/arm-none-eabi/13.3.1/../../../../arm-none-eabi/lib/thumb/v6-m/nofp\libc_nano.a
LOAD C:/ST/STM32CubeIDE_2.0.0/STM32CubeIDE/plugins/com.st.stm32cube.ide.mcu.externaltools.gnu-tools-for-stm32.13.3.rel1.win32_1.0.100.202509120712/tools/bin/../lib/gcc/arm-none-eabi/13.3.1/../../../../arm-none-eabi/lib/thumb/v6-m/nofp\libnosys.a
END GROUP
START GROUP
LOAD C:/ST/STM32CubeIDE_2.0.0/STM32CubeIDE/plugins/com.st.stm32cube.ide.mcu.externaltools.gnu-tools-for-stm32.13.3.rel1.win32_1.0.100.202509120712/tools/bin/../lib/gcc/arm-none-eabi/13.3.1/thumb/v6-m/nofp\libgcc.a
LOAD C:/ST/STM32CubeIDE_2.0.0/STM32CubeIDE/plugins/com.st.stm32cube.ide.mcu.externaltools.gnu-tools-for-stm32.13.3.rel1.win32_1.0.100.202509120712/tools/bin/../lib/gcc/arm-none-eabi/13.3.1/../../../../arm-none-eabi/lib/thumb/v6-m/nofp\libc_nano.a
LOAD C:/ST/STM32CubeIDE_2.0.0/STM32CubeIDE/plugins/com.st.stm32cube.ide.mcu.externaltools.gnu-tools-for-stm32.13.3.rel1.win32_1.0.100.202509120712/tools/bin/../lib/gcc/arm-none-eabi/13.3.1/../../../../arm-none-eabi/lib/thumb/v6-m/nofp\libnosys.a
END GROUP
LOAD C:/ST/STM32CubeIDE_2.0.0/STM32CubeIDE/plugins/com.st.stm32cube.ide.mcu.externaltools.gnu-tools-for-stm32.13.3.rel1.win32_1.0.100.202509120712/tools/bin/../lib/gcc/arm-none-eabi/13.3.1/thumb/v6-m/nofp/crtend.o
LOAD C:/ST/STM32CubeIDE_2.0.0/STM32CubeIDE/plugins/com.st.stm32cube.ide.mcu.externaltools.gnu-tools-for-stm32.13.3.rel1.win32_1.0.100.202509120712/tools/bin/../lib/gcc/arm-none-eabi/13.3.1/thumb/v6-m/nofp/crtn.o
                0x20003000                        _estack = (ORIGIN (RAM) + LENGTH (RAM))
                0x00000200                        _Min_Heap_Size = 0x200
                0x00000400                        _Min_Stack_Size = 0x400

.isr_vector     0x08000000       0xc0
                0x08000000                        . = ALIGN (0x4)
 *(.isr_vector)
 .isr_vector    0x08000000       0xc0 ./Core/Startup/startup_stm32c031c6tx.o
                0x08000000                g_pfnVectors
                0x080000c0                        . = ALIGN (0x4)

.text           0x080000c0     0x2bac
                0x080000c0                        . = ALIGN (0x4)
 *(.text)
 .text          0x080000c0       0x48 C:/ST/STM32CubeIDE_2.0.0/STM32CubeIDE/plugins/com.st.stm32cube.ide.mcu.externaltools.gnu-tools-for-stm32.13.3.rel1.win32_1.0.100.202509120712/tools/bin/../lib/gcc/arm-none-eabi/13.3.1/thumb/v6-m/nofp/crtbegin.o
 .text          0x08000108       0x14 C:/ST/STM32CubeIDE_2.0.0/STM32CubeIDE/plugins/com.st.stm32cube.ide.mcu.externaltools.gnu-tools-for-stm32.13.3.rel1.win32_1.0.100.202509120712/tools/bin/../lib/gcc/arm-none-eabi/13.3.1/thumb/v6-m/nofp\libgcc.a(_thumb1_case_shi.o)
                0x08000108                __gnu_thumb1_case_shi
 .text          0x0800011c      0x114 C:/ST/STM32CubeIDE_2.0.0/STM32CubeIDE/plugins/com.st.stm32cube.ide.mcu.externaltools.gnu-tools-for-stm32.13.3.rel1.win32_1.0.100.202509120712/tools/bin/../lib/gcc/arm-none-eabi/13.3.1/thumb/v6-m/nofp\libgcc.a(_udivsi3.o)
                0x0800011c                __aeabi_uidiv
                0x0800011c                __udivsi3
                0x08000228                __aeabi_uidivmod
 .text          0x08000230        0x4 C:/ST/STM32CubeIDE_2.0.0/STM32CubeIDE/plugins/com.st.stm32cube.ide.mcu.externaltools.gnu-tools-for-stm32.13.3.rel1.win32_1.0.100.202509120712/tools/bin/../lib/gcc/arm-none-eabi/13.3.1/thumb/v6-m/nofp\libgcc.a(_dvmd_tls.o)
                0x08000230                __aeabi_idiv0
                0x08000230                __aeabi_ldiv0
 *(.text*)
 .text.LL_GPIO_SetPinMode
                0x08000234       0x38 ./Core/Src/main.o
 .text.LL_GPIO_IsInputPinSet
                0x0800026c       0x26 ./Core/Src/main.o
 .text.LL_GPIO_SetOutputPin
                0x08000292       0x18 ./Core/Src/main.o
 .text.LL_GPIO_ResetOutputPin
                0x080002aa       0x18 ./Core/Src/main.o
 *fill*         0x080002c2        0x2 
 .text.LL_IOP_GRP1_EnableClock
                0x080002c4       0x2c ./Core/Src/main.o
 .text.main     0x080002f0       0x8c ./Core/Src/main.o
                0x080002f0                main
 .text.SystemClock_Config
                0x0800037c       0x90 ./Core/Src/main.o
                0x0800037c                SystemClock_Config
 .text.MX_USART2_UART_Init
                0x0800040c       0x68 ./Core/Src/main.o
 .text.MX_GPIO_Init
                0x08000474      0x2b0 ./Core/Src/main.o
 .text.Delay_uS
                0x08000724       0x2a ./Core/Src/main.o
                0x08000724                Delay_uS
 *fill*         0x0800074e        0x2 
 .text.checkBusy
                0x08000750       0xc8 ./Core/Src/main.o
                0x08000750                checkBusy
 .text.setLcdDataPort
                0x08000818       0x8c ./Core/Src/main.o
                0x08000818                setLcdDataPort
 .text.lcdWriteNibble
                0x080008a4       0x50 ./Core/Src/main.o
                0x080008a4                lcdWriteNibble
 .text.lcdSendCmd
                0x080008f4       0x50 ./Core/Src/main.o
                0x080008f4                lcdSendCmd
 .text.lcdSendChar
                0x08000944       0x50 ./Core/Src/main.o
                0x08000944                lcdSendChar
 .text.lcdInit  0x08000994       0xf0 ./Core/Src/main.o
                0x08000994                lcdInit
 .text.lcdPrintString
                0x08000a84       0x2a ./Core/Src/main.o
                0x08000a84                lcdPrintString
 .text.Error_Handler
                0x08000aae        0xc ./Core/Src/main.o
                0x08000aae                Error_Handler
 *fill*         0x08000aba        0x2 
 .text.HAL_MspInit
                0x08000abc       0x48 ./Core/Src/stm32c0xx_hal_msp.o
                0x08000abc                HAL_MspInit
 .text.HAL_UART_MspInit
                0x08000b04       0x94 ./Core/Src/stm32c0xx_hal_msp.o
                0x08000b04                HAL_UART_MspInit
 .text.NMI_Handler
                0x08000b98        0x8 ./Core/Src/stm32c0xx_it.o
                0x08000b98                NMI_Handler
 .text.HardFault_Handler
                0x08000ba0        0x8 ./Core/Src/stm32c0xx_it.o
                0x08000ba0                HardFault_Handler
 .text.SVC_Handler
                0x08000ba8        0xa ./Core/Src/stm32c0xx_it.o
                0x08000ba8                SVC_Handler
 .text.PendSV_Handler
                0x08000bb2        0xa ./Core/Src/stm32c0xx_it.o
                0x08000bb2                PendSV_Handler
 .text.SysTick_Handler
                0x08000bbc        0xe ./Core/Src/stm32c0xx_it.o
                0x08000bbc                SysTick_Handler
 *fill*         0x08000bca        0x2 
 .text._sbrk    0x08000bcc       0x6c ./Core/Src/sysmem.o
                0x08000bcc                _sbrk
 .text.SystemInit
                0x08000c38       0x18 ./Core/Src/system_stm32c0xx.o
                0x08000c38                SystemInit
 .text.Reset_Handler
                0x08000c50       0x50 ./Core/Startup/startup_stm32c031c6tx.o
                0x08000c50                Reset_Handler
 .text.Default_Handler
                0x08000ca0        0x2 ./Core/Startup/startup_stm32c031c6tx.o
                0x08000ca0                TIM1_CC_IRQHandler
                0x08000ca0                I2C1_IRQHandler
                0x08000ca0                DMAMUX1_IRQHandler
                0x08000ca0                SPI1_IRQHandler
                0x08000ca0                EXTI2_3_IRQHandler
                0x08000ca0                ADC1_IRQHandler
                0x08000ca0                TIM17_IRQHandler
                0x08000ca0                RTC_IRQHandler
                0x08000ca0                TIM16_IRQHandler
                0x08000ca0                TIM3_IRQHandler
                0x08000ca0                EXTI4_15_IRQHandler
                0x08000ca0                RCC_IRQHandler
                0x08000ca0                DMA1_Channel1_IRQHandler
                0x08000ca0                Default_Handler
                0x08000ca0                TIM14_IRQHandler
                0x08000ca0                EXTI0_1_IRQHandler
                0x08000ca0                WWDG_IRQHandler
                0x08000ca0                DMA1_Channel2_3_IRQHandler
                0x08000ca0                USART2_IRQHandler
                0x08000ca0                FLASH_IRQHandler
                0x08000ca0                USART1_IRQHandler
                0x08000ca0                TIM1_BRK_UP_TRG_COM_IRQHandler
 .text.HAL_Init
                0x08000ca2       0x2e ./Drivers/STM32C0xx_HAL_Driver/Src/stm32c0xx_hal.o
                0x08000ca2                HAL_Init
 .text.HAL_InitTick
                0x08000cd0       0x94 ./Drivers/STM32C0xx_HAL_Driver/Src/stm32c0xx_hal.o
                0x08000cd0                HAL_InitTick
 .text.HAL_IncTick
                0x08000d64       0x24 ./Drivers/STM32C0xx_HAL_Driver/Src/stm32c0xx_hal.o
                0x08000d64                HAL_IncTick
 .text.HAL_GetTick
                0x08000d88       0x14 ./Drivers/STM32C0xx_HAL_Driver/Src/stm32c0xx_hal.o
                0x08000d88                HAL_GetTick
 .text.HAL_Delay
                0x08000d9c       0x48 ./Drivers/STM32C0xx_HAL_Driver/Src/stm32c0xx_hal.o
                0x08000d9c                HAL_Delay
 .text.__NVIC_SetPriority
                0x08000de4       0xdc ./Drivers/STM32C0xx_HAL_Driver/Src/stm32c0xx_hal_cortex.o
 .text.SysTick_Config
                0x08000ec0       0x48 ./Drivers/STM32C0xx_HAL_Driver/Src/stm32c0xx_hal_cortex.o
 .text.HAL_NVIC_SetPriority
                0x08000f08       0x2a ./Drivers/STM32C0xx_HAL_Driver/Src/stm32c0xx_hal_cortex.o
                0x08000f08                HAL_NVIC_SetPriority
 .text.HAL_SYSTICK_Config
                0x08000f32       0x1a ./Drivers/STM32C0xx_HAL_Driver/Src/stm32c0xx_hal_cortex.o
                0x08000f32                HAL_SYSTICK_Config
 .text.HAL_GPIO_Init
                0x08000f4c      0x2e4 ./Drivers/STM32C0xx_HAL_Driver/Src/stm32c0xx_hal_gpio.o
                0x08000f4c                HAL_GPIO_Init
 .text.HAL_RCC_OscConfig
                0x08001230      0x3c8 ./Drivers/STM32C0xx_HAL_Driver/Src/stm32c0xx_hal_rcc.o
                0x08001230                HAL_RCC_OscConfig
 .text.HAL_RCC_ClockConfig
                0x080015f8      0x200 ./Drivers/STM32C0xx_HAL_Driver/Src/stm32c0xx_hal_rcc.o
                0x080015f8                HAL_RCC_ClockConfig
 .text.HAL_RCC_GetSysClockFreq
                0x080017f8       0x80 ./Drivers/STM32C0xx_HAL_Driver/Src/stm32c0xx_hal_rcc.o
                0x080017f8                HAL_RCC_GetSysClockFreq
 .text.HAL_RCC_GetHCLKFreq
                0x08001878       0x3c ./Drivers/STM32C0xx_HAL_Driver/Src/stm32c0xx_hal_rcc.o
                0x08001878                HAL_RCC_GetHCLKFreq
 .text.HAL_RCC_GetPCLK1Freq
                0x080018b4       0x30 ./Drivers/STM32C0xx_HAL_Driver/Src/stm32c0xx_hal_rcc.o
                0x080018b4                HAL_RCC_GetPCLK1Freq
 .text.HAL_UART_Init
                0x080018e4       0xac ./Drivers/STM32C0xx_HAL_Driver/Src/stm32c0xx_hal_uart.o
                0x080018e4                HAL_UART_Init
 .text.UART_SetConfig
                0x08001990      0x2fc ./Drivers/STM32C0xx_HAL_Driver/Src/stm32c0xx_hal_uart.o
                0x08001990                UART_SetConfig
 .text.UART_AdvFeatureConfig
                0x08001c8c      0x168 ./Drivers/STM32C0xx_HAL_Driver/Src/stm32c0xx_hal_uart.o
                0x08001c8c                UART_AdvFeatureConfig
 .text.UART_CheckIdleState
                0x08001df4      0x154 ./Drivers/STM32C0xx_HAL_Driver/Src/stm32c0xx_hal_uart.o
                0x08001df4                UART_CheckIdleState
 .text.UART_WaitOnFlagUntilTimeout
                0x08001f48       0xde ./Drivers/STM32C0xx_HAL_Driver/Src/stm32c0xx_hal_uart.o
                0x08001f48                UART_WaitOnFlagUntilTimeout
 *fill*         0x08002026        0x2 
 .text.UART_EndRxTransfer
                0x08002028       0xcc ./Drivers/STM32C0xx_HAL_Driver/Src/stm32c0xx_hal_uart.o
 .text.LL_GPIO_SetPinMode
                0x080020f4       0x38 ./Drivers/STM32C0xx_HAL_Driver/Src/stm32c0xx_ll_gpio.o
 .text.LL_GPIO_SetPinOutputType
                0x0800212c       0x2a ./Drivers/STM32C0xx_HAL_Driver/Src/stm32c0xx_ll_gpio.o
 .text.LL_GPIO_SetPinSpeed
                0x08002156       0x38 ./Drivers/STM32C0xx_HAL_Driver/Src/stm32c0xx_ll_gpio.o
 .text.LL_GPIO_SetPinPull
                0x0800218e       0x38 ./Drivers/STM32C0xx_HAL_Driver/Src/stm32c0xx_ll_gpio.o
 .text.LL_GPIO_SetAFPin_0_7
                0x080021c6       0x46 ./Drivers/STM32C0xx_HAL_Driver/Src/stm32c0xx_ll_gpio.o
 .text.LL_GPIO_SetAFPin_8_15
                0x0800220c       0x5a ./Drivers/STM32C0xx_HAL_Driver/Src/stm32c0xx_ll_gpio.o
 .text.LL_GPIO_Init
                0x08002266       0xb6 ./Drivers/STM32C0xx_HAL_Driver/Src/stm32c0xx_ll_gpio.o
                0x08002266                LL_GPIO_Init
 .text.sprintf  0x0800231c       0x44 C:/ST/STM32CubeIDE_2.0.0/STM32CubeIDE/plugins/com.st.stm32cube.ide.mcu.externaltools.gnu-tools-for-stm32.13.3.rel1.win32_1.0.100.202509120712/tools/bin/../lib/gcc/arm-none-eabi/13.3.1/../../../../arm-none-eabi/lib/thumb/v6-m/nofp\libc_nano.a(libc_a-sprintf.o)
                0x0800231c                siprintf
                0x0800231c                sprintf
 .text.memset   0x08002360       0x10 C:/ST/STM32CubeIDE_2.0.0/STM32CubeIDE/plugins/com.st.stm32cube.ide.mcu.externaltools.gnu-tools-for-stm32.13.3.rel1.win32_1.0.100.202509120712/tools/bin/../lib/gcc/arm-none-eabi/13.3.1/../../../../arm-none-eabi/lib/thumb/v6-m/nofp\libc_nano.a(libc_a-memset.o)
                0x08002360                memset
 .text.__errno  0x08002370        0xc C:/ST/STM32CubeIDE_2.0.0/STM32CubeIDE/plugins/com.st.stm32cube.ide.mcu.externaltools.gnu-tools-for-stm32.13.3.rel1.win32_1.0.100.202509120712/tools/bin/../lib/gcc/arm-none-eabi/13.3.1/../../../../arm-none-eabi/lib/thumb/v6-m/nofp\libc_nano.a(libc_a-errno.o)
                0x08002370                __errno
 .text.__libc_init_array
                0x0800237c       0x48 C:/ST/STM32CubeIDE_2.0.0/STM32CubeIDE/plugins/com.st.stm32cube.ide.mcu.externaltools.gnu-tools-for-stm32.13.3.rel1.win32_1.0.100.202509120712/tools/bin/../lib/gcc/arm-none-eabi/13.3.1/../../../../arm-none-eabi/lib/thumb/v6-m/nofp\libc_nano.a(libc_a-init.o)
                0x0800237c                __libc_init_array
 .text.__retarget_lock_acquire_recursive
                0x080023c4        0x2 C:/ST/STM32CubeIDE_2.0.0/STM32CubeIDE/plugins/com.st.stm32cube.ide.mcu.externaltools.gnu-tools-for-stm32.13.3.rel1.win32_1.0.100.202509120712/tools/bin/../lib/gcc/arm-none-eabi/13.3.1/../../../../arm-none-eabi/lib/thumb/v6-m/nofp\libc_nano.a(libc_a-lock.o)
                0x080023c4                __retarget_lock_acquire_recursive
 .text.__retarget_lock_release_recursive
                0x080023c6        0x2 C:/ST/STM32CubeIDE_2.0.0/STM32CubeIDE/plugins/com.st.stm32cube.ide.mcu.externaltools.gnu-tools-for-stm32.13.3.rel1.win32_1.0.100.202509120712/tools/bin/../lib/gcc/arm-none-eabi/13.3.1/../../../../arm-none-eabi/lib/thumb/v6-m/nofp\libc_nano.a(libc_a-lock.o)
                0x080023c6                __retarget_lock_release_recursive
 .text._free_r  0x080023c8       0x94 C:/ST/STM32CubeIDE_2.0.0/STM32CubeIDE/plugins/com.st.stm32cube.ide.mcu.externaltools.gnu-tools-for-stm32.13.3.rel1.win32_1.0.100.202509120712/tools/bin/../lib/gcc/arm-none-eabi/13.3.1/../../../../arm-none-eabi/lib/thumb/v6-m/nofp\libc_nano.a(libc_a-freer.o)
                0x080023c8                _free_r
 .text.sbrk_aligned
                0x0800245c       0x44 C:/ST/STM32CubeIDE_2.0.0/STM32CubeIDE/plugins/com.st.stm32cube.ide.mcu.externaltools.gnu-tools-for-stm32.13.3.rel1.win32_1.0.100.202509120712/tools/bin/../lib/gcc/arm-none-eabi/13.3.1/../../../../arm-none-eabi/lib/thumb/v6-m/nofp\libc_nano.a(libc_a-mallocr.o)
 .text._malloc_r
                0x080024a0      0x100 C:/ST/STM32CubeIDE_2.0.0/STM32CubeIDE/plugins/com.st.stm32cube.ide.mcu.externaltools.gnu-tools-for-stm32.13.3.rel1.win32_1.0.100.202509120712/tools/bin/../lib/gcc/arm-none-eabi/13.3.1/../../../../arm-none-eabi/lib/thumb/v6-m/nofp\libc_nano.a(libc_a-mallocr.o)
                0x080024a0                _malloc_r
 .text.__malloc_lock
                0x080025a0       0x10 C:/ST/STM32CubeIDE_2.0.0/STM32CubeIDE/plugins/com.st.stm32cube.ide.mcu.externaltools.gnu-tools-for-stm32.13.3.rel1.win32_1.0.100.202509120712/tools/bin/../lib/gcc/arm-none-eabi/13.3.1/../../../../arm-none-eabi/lib/thumb/v6-m/nofp\libc_nano.a(libc_a-mlock.o)
                0x080025a0                __malloc_lock
 .text.__malloc_unlock
                0x080025b0       0x10 C:/ST/STM32CubeIDE_2.0.0/STM32CubeIDE/plugins/com.st.stm32cube.ide.mcu.externaltools.gnu-tools-for-stm32.13.3.rel1.win32_1.0.100.202509120712/tools/bin/../lib/gcc/arm-none-eabi/13.3.1/../../../../arm-none-eabi/lib/thumb/v6-m/nofp\libc_nano.a(libc_a-mlock.o)
                0x080025b0                __malloc_unlock
 .text.__ssputs_r
                0x080025c0       0xc0 C:/ST/STM32CubeIDE_2.0.0/STM32CubeIDE/plugins/com.st.stm32cube.ide.mcu.externaltools.gnu-tools-for-stm32.13.3.rel1.win32_1.0.100.202509120712/tools/bin/../lib/gcc/arm-none-eabi/13.3.1/../../../../arm-none-eabi/lib/thumb/v6-m/nofp\libc_nano.a(libc_a-nano-svfprintf.o)
                0x080025c0                __ssputs_r
 .text._svfprintf_r
                0x08002680      0x1fc C:/ST/STM32CubeIDE_2.0.0/STM32CubeIDE/plugins/com.st.stm32cube.ide.mcu.externaltools.gnu-tools-for-stm32.13.3.rel1.win32_1.0.100.202509120712/tools/bin/../lib/gcc/arm-none-eabi/13.3.1/../../../../arm-none-eabi/lib/thumb/v6-m/nofp\libc_nano.a(libc_a-nano-svfprintf.o)
                0x08002680                _svfiprintf_r
                0x08002680                _svfprintf_r
 .text._printf_common
                0x0800287c       0xde C:/ST/STM32CubeIDE_2.0.0/STM32CubeIDE/plugins/com.st.stm32cube.ide.mcu.externaltools.gnu-tools-for-stm32.13.3.rel1.win32_1.0.100.202509120712/tools/bin/../lib/gcc/arm-none-eabi/13.3.1/../../../../arm-none-eabi/lib/thumb/v6-m/nofp\libc_nano.a(libc_a-nano-vfprintf_i.o)
                0x0800287c                _printf_common
 *fill*         0x0800295a        0x2 
 .text._printf_i
                0x0800295c      0x218 C:/ST/STM32CubeIDE_2.0.0/STM32CubeIDE/plugins/com.st.stm32cube.ide.mcu.externaltools.gnu-tools-for-stm32.13.3.rel1.win32_1.0.100.202509120712/tools/bin/../lib/gcc/arm-none-eabi/13.3.1/../../../../arm-none-eabi/lib/thumb/v6-m/nofp\libc_nano.a(libc_a-nano-vfprintf_i.o)
                0x0800295c                _printf_i
 .text.memmove  0x08002b74       0x24 C:/ST/STM32CubeIDE_2.0.0/STM32CubeIDE/plugins/com.st.stm32cube.ide.mcu.externaltools.gnu-tools-for-stm32.13.3.rel1.win32_1.0.100.202509120712/tools/bin/../lib/gcc/arm-none-eabi/13.3.1/../../../../arm-none-eabi/lib/thumb/v6-m/nofp\libc_nano.a(libc_a-memmove.o)
                0x08002b74                memmove
 .text._sbrk_r  0x08002b98       0x24 C:/ST/STM32CubeIDE_2.0.0/STM32CubeIDE/plugins/com.st.stm32cube.ide.mcu.externaltools.gnu-tools-for-stm32.13.3.rel1.win32_1.0.100.202509120712/tools/bin/../lib/gcc/arm-none-eabi/13.3.1/../../../../arm-none-eabi/lib/thumb/v6-m/nofp\libc_nano.a(libc_a-sbrkr.o)
                0x08002b98                _sbrk_r
 .text.memchr   0x08002bbc       0x16 C:/ST/STM32CubeIDE_2.0.0/STM32CubeIDE/plugins/com.st.stm32cube.ide.mcu.externaltools.gnu-tools-for-stm32.13.3.rel1.win32_1.0.100.202509120712/tools/bin/../lib/gcc/arm-none-eabi/13.3.1/../../../../arm-none-eabi/lib/thumb/v6-m/nofp\libc_nano.a(libc_a-memchr-stub.o)
                0x08002bbc                memchr
 .text.memcpy   0x08002bd2       0x12 C:/ST/STM32CubeIDE_2.0.0/STM32CubeIDE/plugins/com.st.stm32cube.ide.mcu.externaltools.gnu-tools-for-stm32.13.3.rel1.win32_1.0.100.202509120712/tools/bin/../lib/gcc/arm-none-eabi/13.3.1/../../../../arm-none-eabi/lib/thumb/v6-m/nofp\libc_nano.a(libc_a-memcpy-stub.o)
                0x08002bd2                memcpy
 .text._realloc_r
                0x08002be4       0x60 C:/ST/STM32CubeIDE_2.0.0/STM32CubeIDE/plugins/com.st.stm32cube.ide.mcu.externaltools.gnu-tools-for-stm32.13.3.rel1.win32_1.0.100.202509120712/tools/bin/../lib/gcc/arm-none-eabi/13.3.1/../../../../arm-none-eabi/lib/thumb/v6-m/nofp\libc_nano.a(libc_a-reallocr.o)
                0x08002be4                _realloc_r
 .text._malloc_usable_size_r
                0x08002c44       0x10 C:/ST/STM32CubeIDE_2.0.0/STM32CubeIDE/plugins/com.st.stm32cube.ide.mcu.externaltools.gnu-tools-for-stm32.13.3.rel1.win32_1.0.100.202509120712/tools/bin/../lib/gcc/arm-none-eabi/13.3.1/../../../../arm-none-eabi/lib/thumb/v6-m/nofp\libc_nano.a(libc_a-msizer.o)
                0x08002c44                _malloc_usable_size_r
 *(.glue_7)
 .glue_7        0x08002c54        0x0 linker stubs
 *(.glue_7t)
 .glue_7t       0x08002c54        0x0 linker stubs
 *(.eh_frame)
 .eh_frame      0x08002c54        0x0 C:/ST/STM32CubeIDE_2.0.0/STM32CubeIDE/plugins/com.st.stm32cube.ide.mcu.externaltools.gnu-tools-for-stm32.13.3.rel1.win32_1.0.100.202509120712/tools/bin/../lib/gcc/arm-none-eabi/13.3.1/thumb/v6-m/nofp/crtbegin.o
 *(.init)
 .init          0x08002c54        0x4 C:/ST/STM32CubeIDE_2.0.0/STM32CubeIDE/plugins/com.st.stm32cube.ide.mcu.externaltools.gnu-tools-for-stm32.13.3.rel1.win32_1.0.100.202509120712/tools/bin/../lib/gcc/arm-none-eabi/13.3.1/thumb/v6-m/nofp/crti.o
                0x08002c54                _init
 .init          0x08002c58        0x8 C:/ST/STM32CubeIDE_2.0.0/STM32CubeIDE/plugins/com.st.stm32cube.ide.mcu.externaltools.gnu-tools-for-stm32.13.3.rel1.win32_1.0.100.202509120712/tools/bin/../lib/gcc/arm-none-eabi/13.3.1/thumb/v6-m/nofp/crtn.o
 *(.fini)
 .fini          0x08002c60        0x4 C:/ST/STM32CubeIDE_2.0.0/STM32CubeIDE/plugins/com.st.stm32cube.ide.mcu.externaltools.gnu-tools-for-stm32.13.3.rel1.win32_1.0.100.202509120712/tools/bin/../lib/gcc/arm-none-eabi/13.3.1/thumb/v6-m/nofp/crti.o
                0x08002c60                _fini
 .fini          0x08002c64        0x8 C:/ST/STM32CubeIDE_2.0.0/STM32CubeIDE/plugins/com.st.stm32cube.ide.mcu.externaltools.gnu-tools-for-stm32.13.3.rel1.win32_1.0.100.202509120712/tools/bin/../lib/gcc/arm-none-eabi/13.3.1/thumb/v6-m/nofp/crtn.o
                0x08002c6c                        . = ALIGN (0x4)
                0x08002c6c                        _etext = .

.vfp11_veneer   0x08002c6c        0x0
 .vfp11_veneer  0x08002c6c        0x0 linker stubs

.v4_bx          0x08002c6c        0x0
 .v4_bx         0x08002c6c        0x0 linker stubs

.iplt           0x08002c6c        0x0
 .iplt          0x08002c6c        0x0 C:/ST/STM32CubeIDE_2.0.0/STM32CubeIDE/plugins/com.st.stm32cube.ide.mcu.externaltools.gnu-tools-for-stm32.13.3.rel1.win32_1.0.100.202509120712/tools/bin/../lib/gcc/arm-none-eabi/13.3.1/thumb/v6-m/nofp/crtbegin.o

.rodata         0x08002c6c       0xbc
                0x08002c6c                        . = ALIGN (0x4)
 *(.rodata)
 .rodata        0x08002c6c        0xf ./Core/Src/main.o
 *(.rodata*)
 *fill*         0x08002c7b        0x1 
 .rodata.AHBPrescTable
                0x08002c7c       0x40 ./Core/Src/system_stm32c0xx.o
                0x08002c7c                AHBPrescTable
 .rodata.APBPrescTable
                0x08002cbc       0x20 ./Core/Src/system_stm32c0xx.o
                0x08002cbc                APBPrescTable
 .rodata.UARTPrescTable
                0x08002cdc       0x18 ./Drivers/STM32C0xx_HAL_Driver/Src/stm32c0xx_hal_uart.o
                0x08002cdc                UARTPrescTable
 .rodata._svfprintf_r.str1.1
                0x08002cf4       0x33 C:/ST/STM32CubeIDE_2.0.0/STM32CubeIDE/plugins/com.st.stm32cube.ide.mcu.externaltools.gnu-tools-for-stm32.13.3.rel1.win32_1.0.100.202509120712/tools/bin/../lib/gcc/arm-none-eabi/13.3.1/../../../../arm-none-eabi/lib/thumb/v6-m/nofp\libc_nano.a(libc_a-nano-svfprintf.o)
                                 0x11 (size before relaxing)
 .rodata._printf_i.str1.1
                0x08002d27        0x0 C:/ST/STM32CubeIDE_2.0.0/STM32CubeIDE/plugins/com.st.stm32cube.ide.mcu.externaltools.gnu-tools-for-stm32.13.3.rel1.win32_1.0.100.202509120712/tools/bin/../lib/gcc/arm-none-eabi/13.3.1/../../../../arm-none-eabi/lib/thumb/v6-m/nofp\libc_nano.a(libc_a-nano-vfprintf_i.o)
                                 0x22 (size before relaxing)
                0x08002d28                        . = ALIGN (0x4)
 *fill*         0x08002d27        0x1 

.ARM.extab      0x08002d28        0x0
                0x08002d28                        . = ALIGN (0x4)
 *(.ARM.extab* .gnu.linkonce.armextab.*)
                0x08002d28                        . = ALIGN (0x4)

.ARM            0x08002d28        0x0
                0x08002d28                        . = ALIGN (0x4)
                0x08002d28                        __exidx_start = .
 *(.ARM.exidx*)
                0x08002d28                        __exidx_end = .
                0x08002d28                        . = ALIGN (0x4)

.preinit_array  0x08002d28        0x0
                0x08002d28                        . = ALIGN (0x4)
                0x08002d28                        PROVIDE (__preinit_array_start = .)
 *(.preinit_array*)
                0x08002d28                        PROVIDE (__preinit_array_end = .)
                0x08002d28                        . = ALIGN (0x4)

.init_array     0x08002d28        0x4
                0x08002d28                        . = ALIGN (0x4)
                0x08002d28                        PROVIDE (__init_array_start = .)
 *(SORT_BY_NAME(.init_array.*))
 *(.init_array*)
 .init_array    0x08002d28        0x4 C:/ST/STM32CubeIDE_2.0.0/STM32CubeIDE/plugins/com.st.stm32cube.ide.mcu.externaltools.gnu-tools-for-stm32.13.3.rel1.win32_1.0.100.202509120712/tools/bin/../lib/gcc/arm-none-eabi/13.3.1/thumb/v6-m/nofp/crtbegin.o
                0x08002d2c                        PROVIDE (__init_array_end = .)
                0x08002d2c                        . = ALIGN (0x4)

.fini_array     0x08002d2c        0x4
                0x08002d2c                        . = ALIGN (0x4)
                [!provide]                        PROVIDE (__fini_array_start = .)
 *(SORT_BY_NAME(.fini_array.*))
 *(.fini_array*)
 .fini_array    0x08002d2c        0x4 C:/ST/STM32CubeIDE_2.0.0/STM32CubeIDE/plugins/com.st.stm32cube.ide.mcu.externaltools.gnu-tools-for-stm32.13.3.rel1.win32_1.0.100.202509120712/tools/bin/../lib/gcc/arm-none-eabi/13.3.1/thumb/v6-m/nofp/crtbegin.o
                [!provide]                        PROVIDE (__fini_array_end = .)
                0x08002d30                        . = ALIGN (0x4)
                0x08002d30                        _sidata = LOADADDR (.data)

.rel.dyn        0x08002d30        0x0
 .rel.iplt      0x08002d30        0x0 C:/ST/STM32CubeIDE_2.0.0/STM32CubeIDE/plugins/com.st.stm32cube.ide.mcu.externaltools.gnu-tools-for-stm32.13.3.rel1.win32_1.0.100.202509120712/tools/bin/../lib/gcc/arm-none-eabi/13.3.1/thumb/v6-m/nofp/crtbegin.o

.data           0x20000000       0x5c load address 0x08002d30
                0x20000000                        . = ALIGN (0x4)
                0x20000000                        _sdata = .
 *(.data)
 *(.data*)
 .data.SystemCoreClock
                0x20000000        0x4 ./Core/Src/system_stm32c0xx.o
                0x20000000                SystemCoreClock
 .data.uwTickPrio
                0x20000004        0x4 ./Drivers/STM32C0xx_HAL_Driver/Src/stm32c0xx_hal.o
                0x20000004                uwTickPrio
 .data.uwTickFreq
                0x20000008        0x1 ./Drivers/STM32C0xx_HAL_Driver/Src/stm32c0xx_hal.o
                0x20000008                uwTickFreq
 *fill*         0x20000009        0x3 
 .data._impure_ptr
                0x2000000c        0x4 C:/ST/STM32CubeIDE_2.0.0/STM32CubeIDE/plugins/com.st.stm32cube.ide.mcu.externaltools.gnu-tools-for-stm32.13.3.rel1.win32_1.0.100.202509120712/tools/bin/../lib/gcc/arm-none-eabi/13.3.1/../../../../arm-none-eabi/lib/thumb/v6-m/nofp\libc_nano.a(libc_a-impure.o)
                0x2000000c                _impure_ptr
 .data._impure_data
                0x20000010       0x4c C:/ST/STM32CubeIDE_2.0.0/STM32CubeIDE/plugins/com.st.stm32cube.ide.mcu.externaltools.gnu-tools-for-stm32.13.3.rel1.win32_1.0.100.202509120712/tools/bin/../lib/gcc/arm-none-eabi/13.3.1/../../../../arm-none-eabi/lib/thumb/v6-m/nofp\libc_nano.a(libc_a-impure.o)
                0x20000010                _impure_data
 *(.RamFunc)
 *(.RamFunc*)
                0x2000005c                        . = ALIGN (0x4)
                0x2000005c                        _edata = .

.igot.plt       0x2000005c        0x0 load address 0x08002d8c
 .igot.plt      0x2000005c        0x0 C:/ST/STM32CubeIDE_2.0.0/STM32CubeIDE/plugins/com.st.stm32cube.ide.mcu.externaltools.gnu-tools-for-stm32.13.3.rel1.win32_1.0.100.202509120712/tools/bin/../lib/gcc/arm-none-eabi/13.3.1/thumb/v6-m/nofp/crtbegin.o
                0x2000005c                        . = ALIGN (0x4)

.bss            0x2000005c      0x200 load address 0x08002d8c
                0x2000005c                        _sbss = .
                0x2000005c                        __bss_start__ = _sbss
 *(.bss)
 .bss           0x2000005c       0x1c C:/ST/STM32CubeIDE_2.0.0/STM32CubeIDE/plugins/com.st.stm32cube.ide.mcu.externaltools.gnu-tools-for-stm32.13.3.rel1.win32_1.0.100.202509120712/tools/bin/../lib/gcc/arm-none-eabi/13.3.1/thumb/v6-m/nofp/crtbegin.o
 *(.bss*)
 .bss.huart2    0x20000078       0x94 ./Core/Src/main.o
                0x20000078                huart2
 .bss.__sbrk_heap_end
                0x2000010c        0x4 ./Core/Src/sysmem.o
 .bss.uwTick    0x20000110        0x4 ./Drivers/STM32C0xx_HAL_Driver/Src/stm32c0xx_hal.o
                0x20000110                uwTick
 .bss.__sf      0x20000114      0x138 C:/ST/STM32CubeIDE_2.0.0/STM32CubeIDE/plugins/com.st.stm32cube.ide.mcu.externaltools.gnu-tools-for-stm32.13.3.rel1.win32_1.0.100.202509120712/tools/bin/../lib/gcc/arm-none-eabi/13.3.1/../../../../arm-none-eabi/lib/thumb/v6-m/nofp\libc_nano.a(libc_a-findfp.o)
                0x20000114                __sf
 .bss.errno     0x2000024c        0x4 C:/ST/STM32CubeIDE_2.0.0/STM32CubeIDE/plugins/com.st.stm32cube.ide.mcu.externaltools.gnu-tools-for-stm32.13.3.rel1.win32_1.0.100.202509120712/tools/bin/../lib/gcc/arm-none-eabi/13.3.1/../../../../arm-none-eabi/lib/thumb/v6-m/nofp\libc_nano.a(libc_a-reent.o)
                0x2000024c                errno
 .bss.__lock___malloc_recursive_mutex
                0x20000250        0x1 C:/ST/STM32CubeIDE_2.0.0/STM32CubeIDE/plugins/com.st.stm32cube.ide.mcu.externaltools.gnu-tools-for-stm32.13.3.rel1.win32_1.0.100.202509120712/tools/bin/../lib/gcc/arm-none-eabi/13.3.1/../../../../arm-none-eabi/lib/thumb/v6-m/nofp\libc_nano.a(libc_a-lock.o)
                0x20000250                __lock___malloc_recursive_mutex
 *fill*         0x20000251        0x3 
 .bss.__malloc_sbrk_start
                0x20000254        0x4 C:/ST/STM32CubeIDE_2.0.0/STM32CubeIDE/plugins/com.st.stm32cube.ide.mcu.externaltools.gnu-tools-for-stm32.13.3.rel1.win32_1.0.100.202509120712/tools/bin/../lib/gcc/arm-none-eabi/13.3.1/../../../../arm-none-eabi/lib/thumb/v6-m/nofp\libc_nano.a(libc_a-mallocr.o)
                0x20000254                __malloc_sbrk_start
 .bss.__malloc_free_list
                0x20000258        0x4 C:/ST/STM32CubeIDE_2.0.0/STM32CubeIDE/plugins/com.st.stm32cube.ide.mcu.externaltools.gnu-tools-for-stm32.13.3.rel1.win32_1.0.100.202509120712/tools/bin/../lib/gcc/arm-none-eabi/13.3.1/../../../../arm-none-eabi/lib/thumb/v6-m/nofp\libc_nano.a(libc_a-mallocr.o)
                0x20000258                __malloc_free_list
 *(COMMON)
                0x2000025c                        . = ALIGN (0x4)
                0x2000025c                        _ebss = .
                0x2000025c                        __bss_end__ = _ebss

._user_heap_stack
                0x2000025c      0x604 load address 0x08002d8c
                0x20000260                        . = ALIGN (0x8)
 *fill*         0x2000025c        0x4 
                [!provide]                        PROVIDE (end = .)
                0x20000260                        PROVIDE (_end = .)
                0x20000460                        . = (. + _Min_Heap_Size)
 *fill*         0x20000260      0x200 
                0x20000860                        . = (. + _Min_Stack_Size)
 *fill*         0x20000460      0x400 
                0x20000860                        . = ALIGN (0x8)

/DISCARD/
 libc.a(*)
 libm.a(*)
 libgcc.a(*)

.ARM.attributes
                0x00000000       0x28
 *(.ARM.attributes)
 .ARM.attributes
                0x00000000       0x1e C:/ST/STM32CubeIDE_2.0.0/STM32CubeIDE/plugins/com.st.stm32cube.ide.mcu.externaltools.gnu-tools-for-stm32.13.3.rel1.win32_1.0.100.202509120712/tools/bin/../lib/gcc/arm-none-eabi/13.3.1/thumb/v6-m/nofp/crti.o
 .ARM.attributes
                0x0000001e       0x2c C:/ST/STM32CubeIDE_2.0.0/STM32CubeIDE/plugins/com.st.stm32cube.ide.mcu.externaltools.gnu-tools-for-stm32.13.3.rel1.win32_1.0.100.202509120712/tools/bin/../lib/gcc/arm-none-eabi/13.3.1/thumb/v6-m/nofp/crtbegin.o
 .ARM.attributes
                0x0000004a       0x2c ./Core/Src/main.o
 .ARM.attributes
                0x00000076       0x2c ./Core/Src/stm32c0xx_hal_msp.o
 .ARM.attributes
                0x000000a2       0x2c ./Core/Src/stm32c0xx_it.o
 .ARM.attributes
                0x000000ce       0x2c ./Core/Src/sysmem.o
 .ARM.attributes
                0x000000fa       0x2c ./Core/Src/system_stm32c0xx.o
 .ARM.attributes
                0x00000126       0x22 ./Core/Startup/startup_stm32c031c6tx.o
 .ARM.attributes
                0x00000148       0x2c ./Drivers/STM32C0xx_HAL_Driver/Src/stm32c0xx_hal.o
 .ARM.attributes
                0x00000174       0x2c ./Drivers/STM32C0xx_HAL_Driver/Src/stm32c0xx_hal_cortex.o
 .ARM.attributes
                0x000001a0       0x2c ./Drivers/STM32C0xx_HAL_Driver/Src/stm32c0xx_hal_gpio.o
 .ARM.attributes
                0x000001cc       0x2c ./Drivers/STM32C0xx_HAL_Driver/Src/stm32c0xx_hal_rcc.o
 .ARM.attributes
                0x000001f8       0x2c ./Drivers/STM32C0xx_HAL_Driver/Src/stm32c0xx_hal_uart.o
 .ARM.attributes
                0x00000224       0x2c ./Drivers/STM32C0xx_HAL_Driver/Src/stm32c0xx_ll_gpio.o
 .ARM.attributes
                0x00000250       0x2c C:/ST/STM32CubeIDE_2.0.0/STM32CubeIDE/plugins/com.st.stm32cube.ide.mcu.externaltools.gnu-tools-for-stm32.13.3.rel1.win32_1.0.100.202509120712/tools/bin/../lib/gcc/arm-none-eabi/13.3.1/../../../../arm-none-eabi/lib/thumb/v6-m/nofp\libc_nano.a(libc_a-findfp.o)
 .ARM.attributes
                0x0000027c       0x2c C:/ST/STM32CubeIDE_2.0.0/STM32CubeIDE/plugins/com.st.stm32cube.ide.mcu.externaltools.gnu-tools-for-stm32.13.3.rel1.win32_1.0.100.202509120712/tools/bin/../lib/gcc/arm-none-eabi/13.3.1/../../../../arm-none-eabi/lib/thumb/v6-m/nofp\libc_nano.a(libc_a-sprintf.o)
 .ARM.attributes
                0x000002a8       0x2c C:/ST/STM32CubeIDE_2.0.0/STM32CubeIDE/plugins/com.st.stm32cube.ide.mcu.externaltools.gnu-tools-for-stm32.13.3.rel1.win32_1.0.100.202509120712/tools/bin/../lib/gcc/arm-none-eabi/13.3.1/../../../../arm-none-eabi/lib/thumb/v6-m/nofp\libc_nano.a(libc_a-memset.o)
 .ARM.attributes
                0x000002d4       0x2c C:/ST/STM32CubeIDE_2.0.0/STM32CubeIDE/plugins/com.st.stm32cube.ide.mcu.externaltools.gnu-tools-for-stm32.13.3.rel1.win32_1.0.100.202509120712/tools/bin/../lib/gcc/arm-none-eabi/13.3.1/../../../../arm-none-eabi/lib/thumb/v6-m/nofp\libc_nano.a(libc_a-reent.o)
 .ARM.attributes
                0x00000300       0x2c C:/ST/STM32CubeIDE_2.0.0/STM32CubeIDE/plugins/com.st.stm32cube.ide.mcu.externaltools.gnu-tools-for-stm32.13.3.rel1.win32_1.0.100.202509120712/tools/bin/../lib/gcc/arm-none-eabi/13.3.1/../../../../arm-none-eabi/lib/thumb/v6-m/nofp\libc_nano.a(libc_a-impure.o)
 .ARM.attributes
                0x0000032c       0x2c C:/ST/STM32CubeIDE_2.0.0/STM32CubeIDE/plugins/com.st.stm32cube.ide.mcu.externaltools.gnu-tools-for-stm32.13.3.rel1.win32_1.0.100.202509120712/tools/bin/../lib/gcc/arm-none-eabi/13.3.1/../../../../arm-none-eabi/lib/thumb/v6-m/nofp\libc_nano.a(libc_a-errno.o)
 .ARM.attributes
                0x00000358       0x2c C:/ST/STM32CubeIDE_2.0.0/STM32CubeIDE/plugins/com.st.stm32cube.ide.mcu.externaltools.gnu-tools-for-stm32.13.3.rel1.win32_1.0.100.202509120712/tools/bin/../lib/gcc/arm-none-eabi/13.3.1/../../../../arm-none-eabi/lib/thumb/v6-m/nofp\libc_nano.a(libc_a-init.o)
 .ARM.attributes
                0x00000384       0x2c C:/ST/STM32CubeIDE_2.0.0/STM32CubeIDE/plugins/com.st.stm32cube.ide.mcu.externaltools.gnu-tools-for-stm32.13.3.rel1.win32_1.0.100.202509120712/tools/bin/../lib/gcc/arm-none-eabi/13.3.1/../../../../arm-none-eabi/lib/thumb/v6-m/nofp\libc_nano.a(libc_a-lock.o)
 .ARM.attributes
                0x000003b0       0x2c C:/ST/STM32CubeIDE_2.0.0/STM32CubeIDE/plugins/com.st.stm32cube.ide.mcu.externaltools.gnu-tools-for-stm32.13.3.rel1.win32_1.0.100.202509120712/tools/bin/../lib/gcc/arm-none-eabi/13.3.1/../../../../arm-none-eabi/lib/thumb/v6-m/nofp\libc_nano.a(libc_a-freer.o)
 .ARM.attributes
                0x000003dc       0x2c C:/ST/STM32CubeIDE_2.0.0/STM32CubeIDE/plugins/com.st.stm32cube.ide.mcu.externaltools.gnu-tools-for-stm32.13.3.rel1.win32_1.0.100.202509120712/tools/bin/../lib/gcc/arm-none-eabi/13.3.1/../../../../arm-none-eabi/lib/thumb/v6-m/nofp\libc_nano.a(libc_a-mallocr.o)
 .ARM.attributes
                0x00000408       0x2c C:/ST/STM32CubeIDE_2.0.0/STM32CubeIDE/plugins/com.st.stm32cube.ide.mcu.externaltools.gnu-tools-for-stm32.13.3.rel1.win32_1.0.100.202509120712/tools/bin/../lib/gcc/arm-none-eabi/13.3.1/../../../../arm-none-eabi/lib/thumb/v6-m/nofp\libc_nano.a(libc_a-mlock.o)
 .ARM.attributes
                0x00000434       0x2c C:/ST/STM32CubeIDE_2.0.0/STM32CubeIDE/plugins/com.st.stm32cube.ide.mcu.externaltools.gnu-tools-for-stm32.13.3.rel1.win32_1.0.100.202509120712/tools/bin/../lib/gcc/arm-none-eabi/13.3.1/../../../../arm-none-eabi/lib/thumb/v6-m/nofp\libc_nano.a(libc_a-nano-svfprintf.o)
 .ARM.attributes
                0x00000460       0x2c C:/ST/STM32CubeIDE_2.0.0/STM32CubeIDE/plugins/com.st.stm32cube.ide.mcu.externaltools.gnu-tools-for-stm32.13.3.rel1.win32_1.0.100.202509120712/tools/bin/../lib/gcc/arm-none-eabi/13.3.1/../../../../arm-none-eabi/lib/thumb/v6-m/nofp\libc_nano.a(libc_a-nano-vfprintf_i.o)
 .ARM.attributes
                0x0000048c       0x2c C:/ST/STM32CubeIDE_2.0.0/STM32CubeIDE/plugins/com.st.stm32cube.ide.mcu.externaltools.gnu-tools-for-stm32.13.3.rel1.win32_1.0.100.202509120712/tools/bin/../lib/gcc/arm-none-eabi/13.3.1/../../../../arm-none-eabi/lib/thumb/v6-m/nofp\libc_nano.a(libc_a-memmove.o)
 .ARM.attributes
                0x000004b8       0x2c C:/ST/STM32CubeIDE_2.0.0/STM32CubeIDE/plugins/com.st.stm32cube.ide.mcu.externaltools.gnu-tools-for-stm32.13.3.rel1.win32_1.0.100.202509120712/tools/bin/../lib/gcc/arm-none-eabi/13.3.1/../../../../arm-none-eabi/lib/thumb/v6-m/nofp\libc_nano.a(libc_a-sbrkr.o)
 .ARM.attributes
                0x000004e4       0x2c C:/ST/STM32CubeIDE_2.0.0/STM32CubeIDE/plugins/com.st.stm32cube.ide.mcu.externaltools.gnu-tools-for-stm32.13.3.rel1.win32_1.0.100.202509120712/tools/bin/../lib/gcc/arm-none-eabi/13.3.1/../../../../arm-none-eabi/lib/thumb/v6-m/nofp\libc_nano.a(libc_a-memchr-stub.o)
 .ARM.attributes
                0x00000510       0x2c C:/ST/STM32CubeIDE_2.0.0/STM32CubeIDE/plugins/com.st.stm32cube.ide.mcu.externaltools.gnu-tools-for-stm32.13.3.rel1.win32_1.0.100.202509120712/tools/bin/../lib/gcc/arm-none-eabi/13.3.1/../../../../arm-none-eabi/lib/thumb/v6-m/nofp\libc_nano.a(libc_a-memcpy-stub.o)
 .ARM.attributes
                0x0000053c       0x2c C:/ST/STM32CubeIDE_2.0.0/STM32CubeIDE/plugins/com.st.stm32cube.ide.mcu.externaltools.gnu-tools-for-stm32.13.3.rel1.win32_1.0.100.202509120712/tools/bin/../lib/gcc/arm-none-eabi/13.3.1/../../../../arm-none-eabi/lib/thumb/v6-m/nofp\libc_nano.a(libc_a-reallocr.o)
 .ARM.attributes
                0x00000568       0x2c C:/ST/STM32CubeIDE_2.0.0/STM32CubeIDE/plugins/com.st.stm32cube.ide.mcu.externaltools.gnu-tools-for-stm32.13.3.rel1.win32_1.0.100.202509120712/tools/bin/../lib/gcc/arm-none-eabi/13.3.1/../../../../arm-none-eabi/lib/thumb/v6-m/nofp\libc_nano.a(libc_a-msizer.o)
 .ARM.attributes
                0x00000594       0x1e C:/ST/STM32CubeIDE_2.0.0/STM32CubeIDE/plugins/com.st.stm32cube.ide.mcu.externaltools.gnu-tools-for-stm32.13.3.rel1.win32_1.0.100.202509120712/tools/bin/../lib/gcc/arm-none-eabi/13.3.1/thumb/v6-m/nofp\libgcc.a(_thumb1_case_shi.o)
 .ARM.attributes
                0x000005b2       0x1e C:/ST/STM32CubeIDE_2.0.0/STM32CubeIDE/plugins/com.st.stm32cube.ide.mcu.externaltools.gnu-tools-for-stm32.13.3.rel1.win32_1.0.100.202509120712/tools/bin/../lib/gcc/arm-none-eabi/13.3.1/thumb/v6-m/nofp\libgcc.a(_udivsi3.o)
 .ARM.attributes
                0x000005d0       0x1e C:/ST/STM32CubeIDE_2.0.0/STM32CubeIDE/plugins/com.st.stm32cube.ide.mcu.externaltools.gnu-tools-for-stm32.13.3.rel1.win32_1.0.100.202509120712/tools/bin/../lib/gcc/arm-none-eabi/13.3.1/thumb/v6-m/nofp\libgcc.a(_dvmd_tls.o)
 .ARM.attributes
                0x000005ee       0x1e C:/ST/STM32CubeIDE_2.0.0/STM32CubeIDE/plugins/com.st.stm32cube.ide.mcu.externaltools.gnu-tools-for-stm32.13.3.rel1.win32_1.0.100.202509120712/tools/bin/../lib/gcc/arm-none-eabi/13.3.1/thumb/v6-m/nofp/crtn.o
OUTPUT(QUINTO_PROGETTO.elf elf32-littlearm)
LOAD linker stubs
LOAD C:/ST/STM32CubeIDE_2.0.0/STM32CubeIDE/plugins/com.st.stm32cube.ide.mcu.externaltools.gnu-tools-for-stm32.13.3.rel1.win32_1.0.100.202509120712/tools/bin/../lib/gcc/arm-none-eabi/13.3.1/../../../../arm-none-eabi/lib/thumb/v6-m/nofp\libc.a
LOAD C:/ST/STM32CubeIDE_2.0.0/STM32CubeIDE/plugins/com.st.stm32cube.ide.mcu.externaltools.gnu-tools-for-stm32.13.3.rel1.win32_1.0.100.202509120712/tools/bin/../lib/gcc/arm-none-eabi/13.3.1/../../../../arm-none-eabi/lib/thumb/v6-m/nofp\libm.a
LOAD C:/ST/STM32CubeIDE_2.0.0/STM32CubeIDE/plugins/com.st.stm32cube.ide.mcu.externaltools.gnu-tools-for-stm32.13.3.rel1.win32_1.0.100.202509120712/tools/bin/../lib/gcc/arm-none-eabi/13.3.1/thumb/v6-m/nofp\libgcc.a

.debug_info     0x00000000     0x8e98
 .debug_info    0x00000000     0x1081 ./Core/Src/main.o
 .debug_info    0x00001081      0xac9 ./Core/Src/stm32c0xx_hal_msp.o
 .debug_info    0x00001b4a      0x117 ./Core/Src/stm32c0xx_it.o
 .debug_info    0x00001c61      0x168 ./Core/Src/sysmem.o
 .debug_info    0x00001dc9      0x373 ./Core/Src/system_stm32c0xx.o
 .debug_info    0x0000213c       0x30 ./Core/Startup/startup_stm32c031c6tx.o
 .debug_info    0x0000216c      0x832 ./Drivers/STM32C0xx_HAL_Driver/Src/stm32c0xx_hal.o
 .debug_info    0x0000299e      0x87b ./Drivers/STM32C0xx_HAL_Driver/Src/stm32c0xx_hal_cortex.o
 .debug_info    0x00003219      0x5b7 ./Drivers/STM32C0xx_HAL_Driver/Src/stm32c0xx_hal_gpio.o
 .debug_info    0x000037d0      0x903 ./Drivers/STM32C0xx_HAL_Driver/Src/stm32c0xx_hal_rcc.o
 .debug_info    0x000040d3     0x4828 ./Drivers/STM32C0xx_HAL_Driver/Src/stm32c0xx_hal_uart.o
 .debug_info    0x000088fb      0x59d ./Drivers/STM32C0xx_HAL_Driver/Src/stm32c0xx_ll_gpio.o

.debug_abbrev   0x00000000     0x1608
 .debug_abbrev  0x00000000      0x316 ./Core/Src/main.o
 .debug_abbrev  0x00000316      0x1a8 ./Core/Src/stm32c0xx_hal_msp.o
 .debug_abbrev  0x000004be       0xac ./Core/Src/stm32c0xx_it.o
 .debug_abbrev  0x0000056a       0xbc ./Core/Src/sysmem.o
 .debug_abbrev  0x00000626      0x119 ./Core/Src/system_stm32c0xx.o
 .debug_abbrev  0x0000073f       0x24 ./Core/Startup/startup_stm32c031c6tx.o
 .debug_abbrev  0x00000763      0x2cb ./Drivers/STM32C0xx_HAL_Driver/Src/stm32c0xx_hal.o
 .debug_abbrev  0x00000a2e      0x2b7 ./Drivers/STM32C0xx_HAL_Driver/Src/stm32c0xx_hal_cortex.o
 .debug_abbrev  0x00000ce5      0x1d6 ./Drivers/STM32C0xx_HAL_Driver/Src/stm32c0xx_hal_gpio.o
 .debug_abbrev  0x00000ebb      0x28b ./Drivers/STM32C0xx_HAL_Driver/Src/stm32c0xx_hal_rcc.o
 .debug_abbrev  0x00001146      0x314 ./Drivers/STM32C0xx_HAL_Driver/Src/stm32c0xx_hal_uart.o
 .debug_abbrev  0x0000145a      0x1ae ./Drivers/STM32C0xx_HAL_Driver/Src/stm32c0xx_ll_gpio.o

.debug_aranges  0x00000000      0x740
 .debug_aranges
                0x00000000       0xb8 ./Core/Src/main.o
 .debug_aranges
                0x000000b8       0x30 ./Core/Src/stm32c0xx_hal_msp.o
 .debug_aranges
                0x000000e8       0x40 ./Core/Src/stm32c0xx_it.o
 .debug_aranges
                0x00000128       0x20 ./Core/Src/sysmem.o
 .debug_aranges
                0x00000148       0x28 ./Core/Src/system_stm32c0xx.o
 .debug_aranges
                0x00000170       0x28 ./Core/Startup/startup_stm32c031c6tx.o
 .debug_aranges
                0x00000198      0x100 ./Drivers/STM32C0xx_HAL_Driver/Src/stm32c0xx_hal.o
 .debug_aranges
                0x00000298       0xe8 ./Drivers/STM32C0xx_HAL_Driver/Src/stm32c0xx_hal_cortex.o
 .debug_aranges
                0x00000380       0x68 ./Drivers/STM32C0xx_HAL_Driver/Src/stm32c0xx_hal_gpio.o
 .debug_aranges
                0x000003e8       0xa0 ./Drivers/STM32C0xx_HAL_Driver/Src/stm32c0xx_hal_rcc.o
 .debug_aranges
                0x00000488      0x248 ./Drivers/STM32C0xx_HAL_Driver/Src/stm32c0xx_hal_uart.o
 .debug_aranges
                0x000006d0       0x70 ./Drivers/STM32C0xx_HAL_Driver/Src/stm32c0xx_ll_gpio.o

.debug_rnglists
                0x00000000      0x591
 .debug_rnglists
                0x00000000       0x8b ./Core/Src/main.o
 .debug_rnglists
                0x0000008b       0x20 ./Core/Src/stm32c0xx_hal_msp.o
 .debug_rnglists
                0x000000ab       0x2b ./Core/Src/stm32c0xx_it.o
 .debug_rnglists
                0x000000d6       0x13 ./Core/Src/sysmem.o
 .debug_rnglists
                0x000000e9       0x1a ./Core/Src/system_stm32c0xx.o
 .debug_rnglists
                0x00000103       0x19 ./Core/Startup/startup_stm32c031c6tx.o
 .debug_rnglists
                0x0000011c       0xbc ./Drivers/STM32C0xx_HAL_Driver/Src/stm32c0xx_hal.o
 .debug_rnglists
                0x000001d8       0xaa ./Drivers/STM32C0xx_HAL_Driver/Src/stm32c0xx_hal_cortex.o
 .debug_rnglists
                0x00000282       0x4b ./Drivers/STM32C0xx_HAL_Driver/Src/stm32c0xx_hal_gpio.o
 .debug_rnglists
                0x000002cd       0x78 ./Drivers/STM32C0xx_HAL_Driver/Src/stm32c0xx_hal_rcc.o
 .debug_rnglists
                0x00000345      0x1fb ./Drivers/STM32C0xx_HAL_Driver/Src/stm32c0xx_hal_uart.o
 .debug_rnglists
                0x00000540       0x51 ./Drivers/STM32C0xx_HAL_Driver/Src/stm32c0xx_ll_gpio.o

.debug_macro    0x00000000    0x13db9
 .debug_macro   0x00000000      0x31d ./Core/Src/main.o
 .debug_macro   0x0000031d      0xab4 ./Core/Src/main.o
 .debug_macro   0x00000dd1       0x2e ./Core/Src/main.o
 .debug_macro   0x00000dff       0x28 ./Core/Src/main.o
 .debug_macro   0x00000e27       0x22 ./Core/Src/main.o
 .debug_macro   0x00000e49       0x8e ./Core/Src/main.o
 .debug_macro   0x00000ed7       0x51 ./Core/Src/main.o
 .debug_macro   0x00000f28      0x103 ./Core/Src/main.o
 .debug_macro   0x0000102b       0x6a ./Core/Src/main.o
 .debug_macro   0x00001095      0x1df ./Core/Src/main.o
 .debug_macro   0x00001274       0x1c ./Core/Src/main.o
 .debug_macro   0x00001290       0x22 ./Core/Src/main.o
 .debug_macro   0x000012b2       0xd1 ./Core/Src/main.o
 .debug_macro   0x00001383      0x4da ./Core/Src/main.o
 .debug_macro   0x0000185d      0x11f ./Core/Src/main.o
 .debug_macro   0x0000197c     0x93cf ./Core/Src/main.o
 .debug_macro   0x0000ad4b       0x6d ./Core/Src/main.o
 .debug_macro   0x0000adb8      0x175 ./Core/Src/main.o
 .debug_macro   0x0000af2d       0xe3 ./Core/Src/main.o
 .debug_macro   0x0000b010     0x3440 ./Core/Src/main.o
 .debug_macro   0x0000e450      0x190 ./Core/Src/main.o
 .debug_macro   0x0000e5e0       0x5b ./Core/Src/main.o
 .debug_macro   0x0000e63b      0x374 ./Core/Src/main.o
 .debug_macro   0x0000e9af      0xb47 ./Core/Src/main.o
 .debug_macro   0x0000f4f6      0x145 ./Core/Src/main.o
 .debug_macro   0x0000f63b      0x15f ./Core/Src/main.o
 .debug_macro   0x0000f79a      0x19d ./Core/Src/main.o
 .debug_macro   0x0000f937      0x264 ./Core/Src/main.o
 .debug_macro   0x0000fb9b      0x17e ./Core/Src/main.o
 .debug_macro   0x0000fd19       0x43 ./Core/Src/main.o
 .debug_macro   0x0000fd5c      0x1f1 ./Core/Src/main.o
 .debug_macro   0x0000ff4d      0x1b1 ./Core/Src/main.o
 .debug_macro   0x000100fe      0x37c ./Core/Src/main.o
 .debug_macro   0x0001047a       0x28 ./Core/Src/main.o
 .debug_macro   0x000104a2       0xb3 ./Core/Src/main.o
 .debug_macro   0x00010555      0x104 ./Core/Src/main.o
 .debug_macro   0x00010659       0xf6 ./Core/Src/main.o
 .debug_macro   0x0001074f      0x67e ./Core/Src/main.o
 .debug_macro   0x00010dcd       0xa6 ./Core/Src/main.o
 .debug_macro   0x00010e73      0x3a9 ./Core/Src/main.o
 .debug_macro   0x0001121c      0x166 ./Core/Src/main.o
 .debug_macro   0x00011382      0x16a ./Core/Src/main.o
 .debug_macro   0x000114ec      0x130 ./Core/Src/main.o
 .debug_macro   0x0001161c      0x179 ./Core/Src/main.o
 .debug_macro   0x00011795       0x41 ./Core/Src/main.o
 .debug_macro   0x000117d6      0x152 ./Core/Src/main.o
 .debug_macro   0x00011928      0x2e3 ./Core/Src/main.o
 .debug_macro   0x00011c0b      0x185 ./Core/Src/main.o
 .debug_macro   0x00011d90       0xb8 ./Core/Src/main.o
 .debug_macro   0x00011e48       0x61 ./Core/Src/main.o
 .debug_macro   0x00011ea9       0x24 ./Core/Src/main.o
 .debug_macro   0x00011ecd       0x43 ./Core/Src/main.o
 .debug_macro   0x00011f10       0x34 ./Core/Src/main.o
 .debug_macro   0x00011f44       0x16 ./Core/Src/main.o
 .debug_macro   0x00011f5a       0x3c ./Core/Src/main.o
 .debug_macro   0x00011f96      0x370 ./Core/Src/main.o
 .debug_macro   0x00012306       0x10 ./Core/Src/main.o
 .debug_macro   0x00012316       0x16 ./Core/Src/main.o
 .debug_macro   0x0001232c       0x4a ./Core/Src/main.o
 .debug_macro   0x00012376       0x34 ./Core/Src/main.o
 .debug_macro   0x000123aa       0x10 ./Core/Src/main.o
 .debug_macro   0x000123ba       0x58 ./Core/Src/main.o
 .debug_macro   0x00012412       0x8e ./Core/Src/main.o
 .debug_macro   0x000124a0       0x1c ./Core/Src/main.o
 .debug_macro   0x000124bc      0x185 ./Core/Src/main.o
 .debug_macro   0x00012641       0x16 ./Core/Src/main.o
 .debug_macro   0x00012657       0x16 ./Core/Src/main.o
 .debug_macro   0x0001266d      0x146 ./Core/Src/main.o
 .debug_macro   0x000127b3      0x221 ./Core/Src/stm32c0xx_hal_msp.o
 .debug_macro   0x000129d4      0x22b ./Core/Src/stm32c0xx_it.o
 .debug_macro   0x00012bff      0x112 ./Core/Src/sysmem.o
 .debug_macro   0x00012d11      0x23c ./Core/Src/sysmem.o
 .debug_macro   0x00012f4d      0x1c2 ./Core/Src/system_stm32c0xx.o
 .debug_macro   0x0001310f      0x1da ./Drivers/STM32C0xx_HAL_Driver/Src/stm32c0xx_hal.o
 .debug_macro   0x000132e9      0x1bc ./Drivers/STM32C0xx_HAL_Driver/Src/stm32c0xx_hal_cortex.o
 .debug_macro   0x000134a5      0x1f1 ./Drivers/STM32C0xx_HAL_Driver/Src/stm32c0xx_hal_gpio.o
 .debug_macro   0x00013696      0x1ec ./Drivers/STM32C0xx_HAL_Driver/Src/stm32c0xx_hal_rcc.o
 .debug_macro   0x00013882      0x1d9 ./Drivers/STM32C0xx_HAL_Driver/Src/stm32c0xx_hal_uart.o
 .debug_macro   0x00013a5b      0x1fe ./Drivers/STM32C0xx_HAL_Driver/Src/stm32c0xx_ll_gpio.o
 .debug_macro   0x00013c59      0x160 ./Drivers/STM32C0xx_HAL_Driver/Src/stm32c0xx_ll_gpio.o

.debug_line     0x00000000     0x9a29
 .debug_line    0x00000000      0xd6f ./Core/Src/main.o
 .debug_line    0x00000d6f      0x84d ./Core/Src/stm32c0xx_hal_msp.o
 .debug_line    0x000015bc      0x85d ./Core/Src/stm32c0xx_it.o
 .debug_line    0x00001e19      0x58d ./Core/Src/sysmem.o
 .debug_line    0x000023a6      0x79d ./Core/Src/system_stm32c0xx.o
 .debug_line    0x00002b43       0x7d ./Core/Startup/startup_stm32c031c6tx.o
 .debug_line    0x00002bc0      0xa7d ./Drivers/STM32C0xx_HAL_Driver/Src/stm32c0xx_hal.o
 .debug_line    0x0000363d      0xb98 ./Drivers/STM32C0xx_HAL_Driver/Src/stm32c0xx_hal_cortex.o
 .debug_line    0x000041d5      0xb95 ./Drivers/STM32C0xx_HAL_Driver/Src/stm32c0xx_hal_gpio.o
 .debug_line    0x00004d6a      0xda0 ./Drivers/STM32C0xx_HAL_Driver/Src/stm32c0xx_hal_rcc.o
 .debug_line    0x00005b0a     0x361b ./Drivers/STM32C0xx_HAL_Driver/Src/stm32c0xx_hal_uart.o
 .debug_line    0x00009125      0x904 ./Drivers/STM32C0xx_HAL_Driver/Src/stm32c0xx_ll_gpio.o

.debug_str      0x00000000    0x7a6cd
 .debug_str     0x00000000    0x7a6cd ./Core/Src/main.o
                              0x788b4 (size before relaxing)
 .debug_str     0x0007a6cd        0x0 ./Core/Src/stm32c0xx_hal_msp.o
                              0x74c8e (size before relaxing)
 .debug_str     0x0007a6cd        0x0 ./Core/Src/stm32c0xx_it.o
                              0x74630 (size before relaxing)
 .debug_str     0x0007a6cd        0x0 ./Core/Src/sysmem.o
                               0x7697 (size before relaxing)
 .debug_str     0x0007a6cd        0x0 ./Core/Src/system_stm32c0xx.o
                              0x6f75b (size before relaxing)
 .debug_str     0x0007a6cd        0x0 ./Core/Startup/startup_stm32c031c6tx.o
                                 0x88 (size before relaxing)
 .debug_str     0x0007a6cd        0x0 ./Drivers/STM32C0xx_HAL_Driver/Src/stm32c0xx_hal.o
                              0x6fd51 (size before relaxing)
 .debug_str     0x0007a6cd        0x0 ./Drivers/STM32C0xx_HAL_Driver/Src/stm32c0xx_hal_cortex.o
                              0x6fb74 (size before relaxing)
 .debug_str     0x0007a6cd        0x0 ./Drivers/STM32C0xx_HAL_Driver/Src/stm32c0xx_hal_gpio.o
                              0x6f953 (size before relaxing)
 .debug_str     0x0007a6cd        0x0 ./Drivers/STM32C0xx_HAL_Driver/Src/stm32c0xx_hal_rcc.o
                              0x6fd46 (size before relaxing)
 .debug_str     0x0007a6cd        0x0 ./Drivers/STM32C0xx_HAL_Driver/Src/stm32c0xx_hal_uart.o
                              0x706ab (size before relaxing)
 .debug_str     0x0007a6cd        0x0 ./Drivers/STM32C0xx_HAL_Driver/Src/stm32c0xx_ll_gpio.o
                              0x70dc7 (size before relaxing)

.comment        0x00000000       0x43
 .comment       0x00000000       0x43 ./Core/Src/main.o
                                 0x44 (size before relaxing)
 .comment       0x00000043        0x0 ./Core/Src/stm32c0xx_hal_msp.o
                                 0x44 (size before relaxing)
 .comment       0x00000043        0x0 ./Core/Src/stm32c0xx_it.o
                                 0x44 (size before relaxing)
 .comment       0x00000043        0x0 ./Core/Src/sysmem.o
                                 0x44 (size before relaxing)
 .comment       0x00000043        0x0 ./Core/Src/system_stm32c0xx.o
                                 0x44 (size before relaxing)
 .comment       0x00000043        0x0 ./Drivers/STM32C0xx_HAL_Driver/Src/stm32c0xx_hal.o
                                 0x44 (size before relaxing)
 .comment       0x00000043        0x0 ./Drivers/STM32C0xx_HAL_Driver/Src/stm32c0xx_hal_cortex.o
                                 0x44 (size before relaxing)
 .comment       0x00000043        0x0 ./Drivers/STM32C0xx_HAL_Driver/Src/stm32c0xx_hal_gpio.o
                                 0x44 (size before relaxing)
 .comment       0x00000043        0x0 ./Drivers/STM32C0xx_HAL_Driver/Src/stm32c0xx_hal_rcc.o
                                 0x44 (size before relaxing)
 .comment       0x00000043        0x0 ./Drivers/STM32C0xx_HAL_Driver/Src/stm32c0xx_hal_uart.o
                                 0x44 (size before relaxing)
 .comment       0x00000043        0x0 ./Drivers/STM32C0xx_HAL_Driver/Src/stm32c0xx_ll_gpio.o
                                 0x44 (size before relaxing)

.debug_frame    0x00000000     0x1db8
 .debug_frame   0x00000000      0x280 ./Core/Src/main.o
 .debug_frame   0x00000280       0x70 ./Core/Src/stm32c0xx_hal_msp.o
 .debug_frame   0x000002f0       0x9c ./Core/Src/stm32c0xx_it.o
 .debug_frame   0x0000038c       0x30 ./Core/Src/sysmem.o
 .debug_frame   0x000003bc       0x4c ./Core/Src/system_stm32c0xx.o
 .debug_frame   0x00000408      0x368 ./Drivers/STM32C0xx_HAL_Driver/Src/stm32c0xx_hal.o
 .debug_frame   0x00000770      0x33c ./Drivers/STM32C0xx_HAL_Driver/Src/stm32c0xx_hal_cortex.o
 .debug_frame   0x00000aac      0x150 ./Drivers/STM32C0xx_HAL_Driver/Src/stm32c0xx_hal_gpio.o
 .debug_frame   0x00000bfc      0x214 ./Drivers/STM32C0xx_HAL_Driver/Src/stm32c0xx_hal_rcc.o
 .debug_frame   0x00000e10      0x8d4 ./Drivers/STM32C0xx_HAL_Driver/Src/stm32c0xx_hal_uart.o
 .debug_frame   0x000016e4      0x170 ./Drivers/STM32C0xx_HAL_Driver/Src/stm32c0xx_ll_gpio.o
 .debug_frame   0x00001854      0x138 C:/ST/STM32CubeIDE_2.0.0/STM32CubeIDE/plugins/com.st.stm32cube.ide.mcu.externaltools.gnu-tools-for-stm32.13.3.rel1.win32_1.0.100.202509120712/tools/bin/../lib/gcc/arm-none-eabi/13.3.1/../../../../arm-none-eabi/lib/thumb/v6-m/nofp\libc_nano.a(libc_a-findfp.o)
 .debug_frame   0x0000198c       0x50 C:/ST/STM32CubeIDE_2.0.0/STM32CubeIDE/plugins/com.st.stm32cube.ide.mcu.externaltools.gnu-tools-for-stm32.13.3.rel1.win32_1.0.100.202509120712/tools/bin/../lib/gcc/arm-none-eabi/13.3.1/../../../../arm-none-eabi/lib/thumb/v6-m/nofp\libc_nano.a(libc_a-sprintf.o)
 .debug_frame   0x000019dc       0x20 C:/ST/STM32CubeIDE_2.0.0/STM32CubeIDE/plugins/com.st.stm32cube.ide.mcu.externaltools.gnu-tools-for-stm32.13.3.rel1.win32_1.0.100.202509120712/tools/bin/../lib/gcc/arm-none-eabi/13.3.1/../../../../arm-none-eabi/lib/thumb/v6-m/nofp\libc_nano.a(libc_a-memset.o)
 .debug_frame   0x000019fc       0x2c C:/ST/STM32CubeIDE_2.0.0/STM32CubeIDE/plugins/com.st.stm32cube.ide.mcu.externaltools.gnu-tools-for-stm32.13.3.rel1.win32_1.0.100.202509120712/tools/bin/../lib/gcc/arm-none-eabi/13.3.1/../../../../arm-none-eabi/lib/thumb/v6-m/nofp\libc_nano.a(libc_a-reent.o)
 .debug_frame   0x00001a28       0x20 C:/ST/STM32CubeIDE_2.0.0/STM32CubeIDE/plugins/com.st.stm32cube.ide.mcu.externaltools.gnu-tools-for-stm32.13.3.rel1.win32_1.0.100.202509120712/tools/bin/../lib/gcc/arm-none-eabi/13.3.1/../../../../arm-none-eabi/lib/thumb/v6-m/nofp\libc_nano.a(libc_a-errno.o)
 .debug_frame   0x00001a48       0x2c C:/ST/STM32CubeIDE_2.0.0/STM32CubeIDE/plugins/com.st.stm32cube.ide.mcu.externaltools.gnu-tools-for-stm32.13.3.rel1.win32_1.0.100.202509120712/tools/bin/../lib/gcc/arm-none-eabi/13.3.1/../../../../arm-none-eabi/lib/thumb/v6-m/nofp\libc_nano.a(libc_a-init.o)
 .debug_frame   0x00001a74       0xb0 C:/ST/STM32CubeIDE_2.0.0/STM32CubeIDE/plugins/com.st.stm32cube.ide.mcu.externaltools.gnu-tools-for-stm32.13.3.rel1.win32_1.0.100.202509120712/tools/bin/../lib/gcc/arm-none-eabi/13.3.1/../../../../arm-none-eabi/lib/thumb/v6-m/nofp\libc_nano.a(libc_a-lock.o)
 .debug_frame   0x00001b24       0x2c C:/ST/STM32CubeIDE_2.0.0/STM32CubeIDE/plugins/com.st.stm32cube.ide.mcu.externaltools.gnu-tools-for-stm32.13.3.rel1.win32_1.0.100.202509120712/tools/bin/../lib/gcc/arm-none-eabi/13.3.1/../../../../arm-none-eabi/lib/thumb/v6-m/nofp\libc_nano.a(libc_a-freer.o)
 .debug_frame   0x00001b50       0x50 C:/ST/STM32CubeIDE_2.0.0/STM32CubeIDE/plugins/com.st.stm32cube.ide.mcu.externaltools.gnu-tools-for-stm32.13.3.rel1.win32_1.0.100.202509120712/tools/bin/../lib/gcc/arm-none-eabi/13.3.1/../../../../arm-none-eabi/lib/thumb/v6-m/nofp\libc_nano.a(libc_a-mallocr.o)
 .debug_frame   0x00001ba0       0x40 C:/ST/STM32CubeIDE_2.0.0/STM32CubeIDE/plugins/com.st.stm32cube.ide.mcu.externaltools.gnu-tools-for-stm32.13.3.rel1.win32_1.0.100.202509120712/tools/bin/../lib/gcc/arm-none-eabi/13.3.1/../../../../arm-none-eabi/lib/thumb/v6-m/nofp\libc_nano.a(libc_a-mlock.o)
 .debug_frame   0x00001be0       0x74 C:/ST/STM32CubeIDE_2.0.0/STM32CubeIDE/plugins/com.st.stm32cube.ide.mcu.externaltools.gnu-tools-for-stm32.13.3.rel1.win32_1.0.100.202509120712/tools/bin/../lib/gcc/arm-none-eabi/13.3.1/../../../../arm-none-eabi/lib/thumb/v6-m/nofp\libc_nano.a(libc_a-nano-svfprintf.o)
 .debug_frame   0x00001c54       0x54 C:/ST/STM32CubeIDE_2.0.0/STM32CubeIDE/plugins/com.st.stm32cube.ide.mcu.externaltools.gnu-tools-for-stm32.13.3.rel1.win32_1.0.100.202509120712/tools/bin/../lib/gcc/arm-none-eabi/13.3.1/../../../../arm-none-eabi/lib/thumb/v6-m/nofp\libc_nano.a(libc_a-nano-vfprintf_i.o)
 .debug_frame   0x00001ca8       0x28 C:/ST/STM32CubeIDE_2.0.0/STM32CubeIDE/plugins/com.st.stm32cube.ide.mcu.externaltools.gnu-tools-for-stm32.13.3.rel1.win32_1.0.100.202509120712/tools/bin/../lib/gcc/arm-none-eabi/13.3.1/../../../../arm-none-eabi/lib/thumb/v6-m/nofp\libc_nano.a(libc_a-memmove.o)
 .debug_frame   0x00001cd0       0x2c C:/ST/STM32CubeIDE_2.0.0/STM32CubeIDE/plugins/com.st.stm32cube.ide.mcu.externaltools.gnu-tools-for-stm32.13.3.rel1.win32_1.0.100.202509120712/tools/bin/../lib/gcc/arm-none-eabi/13.3.1/../../../../arm-none-eabi/lib/thumb/v6-m/nofp\libc_nano.a(libc_a-sbrkr.o)
 .debug_frame   0x00001cfc       0x20 C:/ST/STM32CubeIDE_2.0.0/STM32CubeIDE/plugins/com.st.stm32cube.ide.mcu.externaltools.gnu-tools-for-stm32.13.3.rel1.win32_1.0.100.202509120712/tools/bin/../lib/gcc/arm-none-eabi/13.3.1/../../../../arm-none-eabi/lib/thumb/v6-m/nofp\libc_nano.a(libc_a-memchr-stub.o)
 .debug_frame   0x00001d1c       0x28 C:/ST/STM32CubeIDE_2.0.0/STM32CubeIDE/plugins/com.st.stm32cube.ide.mcu.externaltools.gnu-tools-for-stm32.13.3.rel1.win32_1.0.100.202509120712/tools/bin/../lib/gcc/arm-none-eabi/13.3.1/../../../../arm-none-eabi/lib/thumb/v6-m/nofp\libc_nano.a(libc_a-memcpy-stub.o)
 .debug_frame   0x00001d44       0x34 C:/ST/STM32CubeIDE_2.0.0/STM32CubeIDE/plugins/com.st.stm32cube.ide.mcu.externaltools.gnu-tools-for-stm32.13.3.rel1.win32_1.0.100.202509120712/tools/bin/../lib/gcc/arm-none-eabi/13.3.1/../../../../arm-none-eabi/lib/thumb/v6-m/nofp\libc_nano.a(libc_a-reallocr.o)
 .debug_frame   0x00001d78       0x20 C:/ST/STM32CubeIDE_2.0.0/STM32CubeIDE/plugins/com.st.stm32cube.ide.mcu.externaltools.gnu-tools-for-stm32.13.3.rel1.win32_1.0.100.202509120712/tools/bin/../lib/gcc/arm-none-eabi/13.3.1/../../../../arm-none-eabi/lib/thumb/v6-m/nofp\libc_nano.a(libc_a-msizer.o)
 .debug_frame   0x00001d98       0x20 C:/ST/STM32CubeIDE_2.0.0/STM32CubeIDE/plugins/com.st.stm32cube.ide.mcu.externaltools.gnu-tools-for-stm32.13.3.rel1.win32_1.0.100.202509120712/tools/bin/../lib/gcc/arm-none-eabi/13.3.1/thumb/v6-m/nofp\libgcc.a(_udivsi3.o)

.debug_line_str
                0x00000000       0x6c
 .debug_line_str
                0x00000000       0x6c ./Core/Startup/startup_stm32c031c6tx.o
